// Jest Snapshot v1, https://goo.gl/fbAQLP

exports[`renders the loading screen 1`] = `<ExponentAppLoading />`;

exports[`renders the root without loading screen 1`] = `
<View
  style={
    Object {
      "backgroundColor": "#fff",
      "flex": 1,
    }
  }
>
  <View
    style={
      Object {
        "flex": 1,
        "overflow": "hidden",
      }
    }
  >
    <View
      style={
        Object {
          "flex": 1,
        }
      }
    >
      <View
        collapsable={false}
        pointerEvents="auto"
        removeClippedSubviews={false}
        style={
          Array [
            Object {
              "flex": 1,
              "overflow": "hidden",
            },
            Array [
              Object {
                "bottom": 0,
                "left": 0,
                "position": "absolute",
                "right": 0,
                "top": 0,
              },
              Object {
                "opacity": 1,
              },
            ],
          ]
        }
      >
        <View
          style={
            Object {
              "flex": 1,
            }
          }
        >
          <View
            onLayout={[Function]}
            style={
              Array [
                Object {
                  "flex": 1,
                },
              ]
            }
          >
            <View
              onMoveShouldSetResponder={[Function]}
              onMoveShouldSetResponderCapture={[Function]}
              onResponderEnd={[Function]}
              onResponderGrant={[Function]}
              onResponderMove={[Function]}
              onResponderReject={[Function]}
              onResponderRelease={[Function]}
              onResponderStart={[Function]}
              onResponderTerminate={[Function]}
              onResponderTerminationRequest={[Function]}
              onStartShouldSetResponder={[Function]}
              onStartShouldSetResponderCapture={[Function]}
              style={
                Array [
                  Object {
                    "flex": 1,
                    "flexDirection": "column-reverse",
                  },
                  Object {
                    "backgroundColor": "#000",
                  },
                ]
              }
            >
              <View
                style={
                  Object {
                    "flex": 1,
                  }
                }
              >
                <View
                  collapsable={undefined}
                  pointerEvents="auto"
                  style={
                    Object {
                      "backgroundColor": "#E9E9EF",
                      "bottom": 0,
                      "left": 0,
                      "marginTop": 0,
                      "opacity": 1,
                      "position": "absolute",
                      "right": 0,
                      "shadowColor": "black",
                      "shadowOffset": Object {
                        "height": 0,
                        "width": 0,
                      },
                      "shadowOpacity": 0.2,
                      "shadowRadius": 5,
                      "top": 0,
                      "transform": Array [
                        Object {
                          "translateX": 0,
                        },
                        Object {
                          "translateY": 0,
                        },
                      ],
                    }
                  }
                >
                  <View
                    style={
                      Object {
                        "backgroundColor": "#e5ba4f",
                        "flex": 1,
                        "paddingTop": 20,
                      }
                    }
                  >
                    <RCTScrollView
                      contentContainerStyle={
                        Object {
                          "paddingTop": 0,
                        }
                      }
                    >
                      <View>
                        <RCTScrollView
                          style={
                            Object {
                              "backgroundColor": "#e5ba4f",
                              "flex": 1,
                            }
                          }
                        >
                          <View>
                            <View
                              style={
                                Object {
                                  "alignItems": "center",
                                  "flex": 1,
                                  "flexDirection": "row",
                                  "flexWrap": "wrap",
                                  "justifyContent": "space-around",
                                  "marginTop": 20,
                                }
                              }
                            />
                          </View>
                        </RCTScrollView>
                      </View>
                    </RCTScrollView>
                  </View>
                </View>
              </View>
              <View
                collapsable={undefined}
                style={
                  Object {
                    "transform": Array [
                      Object {
                        "translateX": 0,
                      },
                    ],
                  }
                }
              >
                <View
                  collapsable={undefined}
                  onLayout={[Function]}
                  pointerEvents="box-none"
                  style={
                    Object {
                      "backgroundColor": "#0f352f",
                      "borderBottomColor": "#A7A7AA",
                      "borderBottomWidth": 0.5,
                      "height": 64,
                      "paddingBottom": 0,
                      "paddingLeft": 0,
                      "paddingRight": 0,
                      "paddingTop": 20,
                    }
                  }
                >
                  <View
                    style={
                      Object {
                        "bottom": 0,
                        "left": 0,
                        "position": "absolute",
                        "right": 0,
                        "top": 0,
                      }
                    }
                  />
                  <View
                    style={
                      Object {
                        "flex": 1,
                      }
                    }
                  >
                    <View
                      style={
                        Object {
                          "bottom": 0,
                          "flexDirection": "row",
                          "left": 0,
                          "position": "absolute",
                          "right": 0,
                          "top": 0,
                        }
                      }
                    >
                      <View
                        collapsable={undefined}
                        pointerEvents="box-none"
                        style={
                          Object {
                            "alignItems": "center",
                            "backgroundColor": "transparent",
                            "bottom": 0,
                            "flexDirection": "row",
                            "justifyContent": "center",
                            "left": 0,
                            "opacity": 1,
                            "position": "absolute",
                            "right": 0,
                            "top": 0,
                          }
                        }
                      >
                        <Text
                          accessibilityTraits="header"
                          accessible={true}
                          allowFontScaling={true}
                          collapsable={undefined}
                          ellipsizeMode="tail"
                          numberOfLines={1}
                          onLayout={[Function]}
                          style={
                            Object {
                              "color": "#e6bc44",
                              "fontSize": 17,
                              "fontWeight": "700",
                              "marginHorizontal": 16,
                              "textAlign": "center",
                            }
                          }
                        >
                          Glasgow Welcome Pack
                        </Text>
                      </View>
                    </View>
                  </View>
                </View>
              </View>
            </View>
          </View>
        </View>
      </View>
    </View>
    <View
      collapsable={undefined}
      onLayout={[Function]}
      pointerEvents="box-none"
      style={
        Object {
          "backgroundColor": "#F7F7F7",
          "borderTopColor": "rgba(0, 0, 0, .3)",
          "borderTopWidth": 0.5,
          "flexDirection": "row",
          "height": 49,
          "paddingBottom": 0,
          "paddingLeft": 0,
          "paddingRight": 0,
          "paddingTop": 0,
        }
      }
    >
      <View
        accessibilityComponentType={undefined}
        accessibilityLabel="Home"
        accessibilityTraits={undefined}
        accessible={true}
        hitSlop={undefined}
        nativeID={undefined}
        onLayout={undefined}
        onResponderGrant={[Function]}
        onResponderMove={[Function]}
        onResponderRelease={[Function]}
        onResponderTerminate={[Function]}
        onResponderTerminationRequest={[Function]}
        onStartShouldSetResponder={[Function]}
        style={
          Array [
            Object {
              "alignItems": "center",
              "flex": 1,
            },
            Object {
              "backgroundColor": "#215e55",
            },
            Object {
              "flexDirection": "column",
              "justifyContent": "flex-end",
            },
            undefined,
          ]
        }
        testID={undefined}
      >
        <View
          style={
            Array [
              Object {
                "height": 29,
              },
              false,
              Object {
                "flex": 1,
              },
            ]
          }
        >
          <View
            collapsable={undefined}
            style={
              Object {
                "alignItems": "center",
                "alignSelf": "center",
                "height": "100%",
                "justifyContent": "center",
                "minWidth": 25,
                "opacity": 1,
                "position": "absolute",
                "width": "100%",
              }
            }
          >
            <Text
              accessible={true}
              allowFontScaling={false}
              ellipsizeMode="tail"
              style={
                Array [
                  Object {
                    "color": "#2f95dc",
                    "fontSize": 26,
                  },
                  Object {
                    "marginBottom": -3,
                  },
                  Object {
                    "fontFamily": "ionicons",
                    "fontStyle": "normal",
                    "fontWeight": "normal",
                  },
                ]
              }
            >
              
            </Text>
          </View>
          <View
            collapsable={undefined}
            style={
              Object {
                "alignItems": "center",
                "alignSelf": "center",
                "height": "100%",
                "justifyContent": "center",
                "minWidth": 25,
                "opacity": 0,
                "position": "absolute",
                "width": "100%",
              }
            }
          >
            <Text
              accessible={true}
              allowFontScaling={false}
              ellipsizeMode="tail"
              style={
                Array [
                  Object {
                    "color": "#ccc",
                    "fontSize": 26,
                  },
                  Object {
                    "marginBottom": -3,
                  },
                  Object {
                    "fontFamily": "ionicons",
                    "fontStyle": "normal",
                    "fontWeight": "normal",
                  },
                ]
              }
            >
              
            </Text>
          </View>
        </View>
        <Text
          accessible={true}
          allowFontScaling={true}
          collapsable={undefined}
          ellipsizeMode="tail"
          numberOfLines={1}
          style={
            Object {
              "backgroundColor": "transparent",
              "color": "#e6bc44",
              "fontSize": 10,
              "marginBottom": 1.5,
              "textAlign": "center",
            }
          }
        >
          Home
        </Text>
      </View>
      <View
        accessibilityComponentType={undefined}
        accessibilityLabel="About"
        accessibilityTraits={undefined}
        accessible={true}
        hitSlop={undefined}
        nativeID={undefined}
        onLayout={undefined}
        onResponderGrant={[Function]}
        onResponderMove={[Function]}
        onResponderRelease={[Function]}
        onResponderTerminate={[Function]}
        onResponderTerminationRequest={[Function]}
        onStartShouldSetResponder={[Function]}
        style={
          Array [
            Object {
              "alignItems": "center",
              "flex": 1,
            },
            Object {
              "backgroundColor": "#0f352f",
            },
            Object {
              "flexDirection": "column",
              "justifyContent": "flex-end",
            },
            undefined,
          ]
        }
        testID={undefined}
      >
        <View
          style={
            Array [
              Object {
                "height": 29,
              },
              false,
              Object {
                "flex": 1,
              },
            ]
          }
        >
          <View
            collapsable={undefined}
            style={
              Object {
                "alignItems": "center",
                "alignSelf": "center",
                "height": "100%",
                "justifyContent": "center",
                "minWidth": 25,
                "opacity": 0,
                "position": "absolute",
                "width": "100%",
              }
            }
          >
            <Text
              accessible={true}
              allowFontScaling={false}
              ellipsizeMode="tail"
              style={
                Array [
                  Object {
                    "color": "#2f95dc",
                    "fontSize": 26,
                  },
                  Object {
                    "marginBottom": -3,
                  },
                  Object {
                    "fontFamily": "ionicons",
                    "fontStyle": "normal",
                    "fontWeight": "normal",
                  },
                ]
              }
            >
              
            </Text>
          </View>
          <View
            collapsable={undefined}
            style={
              Object {
                "alignItems": "center",
                "alignSelf": "center",
                "height": "100%",
                "justifyContent": "center",
                "minWidth": 25,
                "opacity": 1,
                "position": "absolute",
                "width": "100%",
              }
            }
          >
            <Text
              accessible={true}
              allowFontScaling={false}
              ellipsizeMode="tail"
              style={
                Array [
                  Object {
                    "color": "#ccc",
                    "fontSize": 26,
                  },
                  Object {
                    "marginBottom": -3,
                  },
                  Object {
                    "fontFamily": "ionicons",
                    "fontStyle": "normal",
                    "fontWeight": "normal",
                  },
                ]
              }
            >
              
            </Text>
          </View>
        </View>
        <Text
          accessible={true}
          allowFontScaling={true}
          collapsable={undefined}
          ellipsizeMode="tail"
          numberOfLines={1}
          style={
            Object {
              "backgroundColor": "transparent",
              "color": "#e6bc44",
              "fontSize": 10,
              "marginBottom": 1.5,
              "textAlign": "center",
            }
          }
        >
          About
        </Text>
      </View>
      <View
        accessibilityComponentType={undefined}
        accessibilityLabel="Settings"
        accessibilityTraits={undefined}
        accessible={true}
        hitSlop={undefined}
        nativeID={undefined}
        onLayout={undefined}
        onResponderGrant={[Function]}
        onResponderMove={[Function]}
        onResponderRelease={[Function]}
        onResponderTerminate={[Function]}
        onResponderTerminationRequest={[Function]}
        onStartShouldSetResponder={[Function]}
        style={
          Array [
            Object {
              "alignItems": "center",
              "flex": 1,
            },
            Object {
              "backgroundColor": "#0f352f",
            },
            Object {
              "flexDirection": "column",
              "justifyContent": "flex-end",
            },
            undefined,
          ]
        }
        testID={undefined}
      >
        <View
          style={
            Array [
              Object {
                "height": 29,
              },
              false,
              Object {
                "flex": 1,
              },
            ]
          }
        >
          <View
            collapsable={undefined}
            style={
              Object {
                "alignItems": "center",
                "alignSelf": "center",
                "height": "100%",
                "justifyContent": "center",
                "minWidth": 25,
                "opacity": 0,
                "position": "absolute",
                "width": "100%",
              }
            }
          >
            <Text
              accessible={true}
              allowFontScaling={false}
              ellipsizeMode="tail"
              style={
                Array [
                  Object {
                    "color": "#2f95dc",
                    "fontSize": 26,
                  },
                  Object {
                    "marginBottom": -3,
                  },
                  Object {
                    "fontFamily": "ionicons",
                    "fontStyle": "normal",
                    "fontWeight": "normal",
                  },
                ]
              }
            >
              
            </Text>
          </View>
          <View
            collapsable={undefined}
            style={
              Object {
                "alignItems": "center",
                "alignSelf": "center",
                "height": "100%",
                "justifyContent": "center",
                "minWidth": 25,
                "opacity": 1,
                "position": "absolute",
                "width": "100%",
              }
            }
          >
            <Text
              accessible={true}
              allowFontScaling={false}
              ellipsizeMode="tail"
              style={
                Array [
                  Object {
                    "color": "#ccc",
                    "fontSize": 26,
                  },
                  Object {
                    "marginBottom": -3,
                  },
                  Object {
                    "fontFamily": "ionicons",
                    "fontStyle": "normal",
                    "fontWeight": "normal",
                  },
                ]
              }
            >
              
            </Text>
          </View>
        </View>
        <Text
          accessible={true}
          allowFontScaling={true}
          collapsable={undefined}
          ellipsizeMode="tail"
          numberOfLines={1}
          style={
            Object {
              "backgroundColor": "transparent",
              "color": "#e6bc44",
              "fontSize": 10,
              "marginBottom": 1.5,
              "textAlign": "center",
            }
          }
        >
          Settings
        </Text>
      </View>
      <View
        accessibilityComponentType={undefined}
        accessibilityLabel="Game"
        accessibilityTraits={undefined}
        accessible={true}
        hitSlop={undefined}
        nativeID={undefined}
        onLayout={undefined}
        onResponderGrant={[Function]}
        onResponderMove={[Function]}
        onResponderRelease={[Function]}
        onResponderTerminate={[Function]}
        onResponderTerminationRequest={[Function]}
        onStartShouldSetResponder={[Function]}
        style={
          Array [
            Object {
              "alignItems": "center",
              "flex": 1,
            },
            Object {
              "backgroundColor": "#0f352f",
            },
            Object {
              "flexDirection": "column",
              "justifyContent": "flex-end",
            },
            undefined,
          ]
        }
        testID={undefined}
      >
        <View
          style={
            Array [
              Object {
                "height": 29,
              },
              false,
              Object {
                "flex": 1,
              },
            ]
          }
        >
          <View
            collapsable={undefined}
            style={
              Object {
                "alignItems": "center",
                "alignSelf": "center",
                "height": "100%",
                "justifyContent": "center",
                "minWidth": 25,
                "opacity": 0,
                "position": "absolute",
                "width": "100%",
              }
            }
          >
            <Text
              accessible={true}
              allowFontScaling={false}
              ellipsizeMode="tail"
              style={
                Array [
                  Object {
                    "color": "#2f95dc",
                    "fontSize": 26,
                  },
                  Object {
                    "marginBottom": -3,
                  },
                  Object {
                    "fontFamily": "ionicons",
                    "fontStyle": "normal",
                    "fontWeight": "normal",
                  },
                ]
              }
            >
              
            </Text>
          </View>
          <View
            collapsable={undefined}
            style={
              Object {
                "alignItems": "center",
                "alignSelf": "center",
                "height": "100%",
                "justifyContent": "center",
                "minWidth": 25,
                "opacity": 1,
                "position": "absolute",
                "width": "100%",
              }
            }
          >
            <Text
              accessible={true}
              allowFontScaling={false}
              ellipsizeMode="tail"
              style={
                Array [
                  Object {
                    "color": "#ccc",
                    "fontSize": 26,
                  },
                  Object {
                    "marginBottom": -3,
                  },
                  Object {
                    "fontFamily": "ionicons",
                    "fontStyle": "normal",
                    "fontWeight": "normal",
                  },
                ]
              }
            >
              
            </Text>
          </View>
        </View>
        <Text
          accessible={true}
          allowFontScaling={true}
          collapsable={undefined}
          ellipsizeMode="tail"
          numberOfLines={1}
          style={
            Object {
              "backgroundColor": "transparent",
              "color": "#e6bc44",
              "fontSize": 10,
              "marginBottom": 1.5,
              "textAlign": "center",
            }
          }
        >
          Game
        </Text>
      </View>
    </View>
  </View>
</View>
`;
